{"prev": "62cfc66acd2a911a96888da857929de8fd90001edd4ae3fbc20a1e84ccf3707a", "rec": {"ts": 1757473745.9600422, "key": "retrieval.pipeline.enabled", "old": 1, "new": 1, "reason": "test_setup", "actor": "test"}}
{"prev": "e22bf8f1287533b5e93eab805c9b8ec2660c203f052d51f6c76a64236564d87d", "rec": {"ts": 1757473746.0068142, "key": "retrieval.pipeline.enabled", "old": 1, "new": 1, "reason": "test_setup", "actor": "test"}}
{"prev": "2407a933afc8ca7a14f477e69098915ef45995d841f6fc1b8bc806baab2e6cda", "rec": {"ts": 1757473746.0068142, "key": "retrieval.pipeline.enabled", "old": 1, "new": 0, "reason": "test_disable", "actor": "test"}}
{"prev": "f83e1e2f2331e880c99b61a5f11f19dafe6b94a97a1ac04b23b1c23472c304bb", "rec": {"ts": 1757473773.1701307, "key": "retrieval.pipeline.enabled", "old": 1, "new": 1, "reason": "test_setup", "actor": "test"}}
{"prev": "f8a68cfb6f48afcc64966a882d898c518cbb90d059286d2e0c62dfd68f1d387c", "rec": {"ts": 1757473773.1769595, "key": "retrieval.pipeline.enabled", "old": 1, "new": 0, "reason": "test_disable", "actor": "test"}}
{"prev": "c08bb98bcb74ea442077cea2631130cef2463d1ff9ef3ce01f17d1cf628bc907", "rec": {"ts": 1757473804.2557402, "key": "retrieval.pipeline.enabled", "old": 1, "new": 1, "reason": "test_setup", "actor": "test"}}
{"prev": "dada18817b5e02f3d7491338feba829e8724e94eac101a5e3f4ddc9eb4d04fef", "rec": {"ts": 1757473804.266832, "key": "retrieval.pipeline.enabled", "old": 1, "new": 0, "reason": "test_disable", "actor": "test"}}
{"prev": "caaa49a8495b0ba0f522b9c2af172229779783184b682efceed4c7676f3278f9", "rec": {"ts": 1757473804.2824624, "key": "retrieval.pipeline.enabled", "old": 0, "new": 1, "reason": "test_reenable", "actor": "test"}}
{"prev": "ef2fb6c87bc8966205c895c800d05a9c13fda31b40da5f87d6c5e86fd4966c16", "rec": {"ts": 1757473812.9322429, "key": "retrieval.pipeline.enabled", "old": 1, "new": 1, "reason": "test_setup", "actor": "test"}}
{"prev": "d7c1684d9935909910efa80fde3251690502e94f86b867b06440b6072d6bf08b", "rec": {"ts": 1757473812.9654925, "key": "retrieval.pipeline.enabled", "old": 1, "new": 1, "reason": "test_setup", "actor": "test"}}
{"prev": "f2e89d238883847f1bceec341c9538d3a2a91085cf887d268cd1f0979b0354c5", "rec": {"ts": 1757473812.9654925, "key": "retrieval.pipeline.enabled", "old": 1, "new": 0, "reason": "test_disable", "actor": "test"}}
{"prev": "7284fc8d2d8fea3aba4558b6b85460dce11d857c127b7d5ce1f584dcbda3a50e", "rec": {"ts": 1757473812.984022, "key": "retrieval.pipeline.enabled", "old": 0, "new": 1, "reason": "test_reenable", "actor": "test"}}
{"prev": "dfa793c9528195f4e2830c6d310cf1dd1e27716f41089f6443fc02b8cc4ca1b8", "rec": {"ts": 1757473812.984022, "key": "retrieval.pipeline.enabled", "old": 1, "new": 1, "reason": "test_setup", "actor": "test"}}
{"prev": "fc6f0b10f59d412c67431a44d13b2a79c8efe6e991792883537a1690ff8680fc", "rec": {"ts": 1757473813.0142894, "key": "retrieval.pipeline.enabled", "old": 1, "new": 1, "reason": "test_setup", "actor": "test"}}
{"prev": "b15be1658f8ba63d99e98c0f0426873c1e895340643adb233f9a49536deafea4", "rec": {"ts": 1757478914.347423, "key": "retrieval.pipeline.enabled", "old": 1, "new": 1, "reason": "hunt_test", "actor": "test"}}
{"prev": "6162be5b63ab1741093b48de23b89ffc632a919f8080cd6f278efdfc565e095c", "rec": {"ts": 1757478914.7563052, "key": "response.execution.enable", "old": false, "new": false, "reason": "test", "actor": "system"}}
{"prev": "da357440b3fb73d3a70ea99bcc8c5ab2d0b7178d64f1ce2b7ae2425493af31cf", "rec": {"ts": 1757478914.7756882, "key": "response.execution.enable", "old": false, "new": true, "reason": "test", "actor": "system"}}
{"prev": "cade470190d1ae8b6ecbd7b9cf791790cabbfd51a029e4d07ddbd22ac7c67e71", "rec": {"ts": 1757478914.7766862, "key": "response.action.cooldown_s", "old": 120, "new": 1, "reason": "test", "actor": "system"}}
{"prev": "48e5e7596c392912d53161f9ed2ae471da483494b463d36850db2a762889e05a", "rec": {"ts": 1757478914.777686, "key": "response.action.max_per_case_per_hour", "old": 20, "new": 5, "reason": "test", "actor": "system"}}
{"prev": "37b3d1c834dd8f0b6947fb1f7f28a4bab12e883dbf75b36c54c479c9df64a24e", "rec": {"ts": 1757478915.8940473, "key": "executive.dashboard.cache_ttl_s", "old": 15, "new": 5, "reason": "test", "actor": "system"}}
{"prev": "96cc2895449a1f4fee5d53156ea6c46584175f9226e282ff966c07c2260ac0b1", "rec": {"ts": 1757479591.227354, "key": "fusion.weighted_sum.suppress_threshold", "old": 0.0, "new": 0.42, "reason": "raise", "actor": "test_user"}}
{"prev": "06dcc761f9f1b81e5804d59de7570e9bae3be7afde4a7ba5ffa5bec34d837678", "rec": {"ts": 1757479591.258607, "key": "fusion.weighted_sum.suppress_threshold", "old": 0.42, "new": 0.0, "reason": "rollback", "actor": "test_user"}}
{"prev": "1bdc032fd46431f9ec917d2d4c59546c59654a33cf9a3c3c1256f7a13b08bfb1", "rec": {"ts": 1757479591.2895315, "key": "fusion.weighted_sum.suppress_threshold", "old": 0.0, "new": 0.42, "reason": "tuner_approve", "actor": "api"}}
{"prev": "0d019b130085ed70e29f1522b0002cfad8d3c1f7f10042cc5f405b00c8afb837", "rec": {"ts": 1757482073.2264125, "key": "story.ttl_seconds", "old": 43200, "new": 1, "reason": "test_ttl", "actor": "test"}}
{"prev": "22e4b86aaa5dea5e510d405a3670b0e65bc2d20ab381f039b47998b0fbce873b", "rec": {"ts": 1757482102.9447494, "key": "story.max_content_bytes", "old": 20000, "new": 100, "reason": "test_max", "actor": "test"}}
{"prev": "d7a1aaf4a455eaffccf5a9bdef70db1292023d535624e1879017eaa2dbbb4842", "rec": {"ts": 1757482112.2728815, "key": "story.ttl_seconds", "old": 43200, "new": 1, "reason": "test_ttl", "actor": "test"}}
{"prev": "ac5eb2503aae12af952c79c544566f26b5493457033928e6f097e87058383e64", "rec": {"ts": 1757482112.3193493, "key": "story.max_content_bytes", "old": 20000, "new": 100, "reason": "test_max", "actor": "test"}}
{"prev": "a85e73c5736ce4dda1e552b2b94892b4f87f2cf89441b4040410887928480c08", "rec": {"ts": 1757483737.0136929, "key": "governance.policy.eval.enabled", "old": true, "new": true, "reason": "test", "actor": "test"}}
{"prev": "bc183c492fd04fac8d68cf01b66557781a073645d8564988540c4624fce5caf0", "rec": {"ts": 1757483737.0293171, "key": "governance.policy.eval.sign", "old": true, "new": false, "reason": "test", "actor": "test"}}
