{
  "version": "1.0.0",
  "plugins_used": [
    {"name": "Base64HighEntropyString"},
    {"name": "HexHighEntropyString"},
    {"name": "KeywordDetector"}
  ],
  "exclude": {
    "files": "(artifacts|\.venv|venv|\.git|dist)/"
  },
  "results": {},
  "generated_at": "2025-09-07T00:00:00Z",
  "filters_used": []
}
